---
title: linux挂载新硬盘，开机自动挂载
author: admin
type: post
date: 2010-11-11T08:17:08+00:00
url: /archives/6605
IM_contentdowned:
 - 1
categories:
 - 服务器
tags:
 - Linux

---
**Linux的硬盘识别:**

2.6 kernel以后,linux会将识别到的硬件设备,在/dev/下建立相应的设备文件.如:

> sda        表示第1块SCSI硬盘.# V, z   b, }2 F7 u’ |
>
> hda        表示第1块IDE硬盘(即连接在第1个IDE接口的Master口上)
>
> scd0        表示第1个USB光驱.

当添加了新硬盘后,在/dev目录下会有相应的设备文件产生.cciss的硬盘是个例外,它的设备文件在/dev/cciss/目录下.一般使用”fdisk -l”命令可以列出系统中当前连接的硬盘设备和分区信息.新硬盘没有分区信息,则只显示硬盘大小信息.

1.关闭服务器加上新硬盘

2.启动服务器，以root用户登录

3.查看硬盘信息

> #fdisk -l
>
> Disk /dev/sda: 146.1 GB, 146163105792 bytes
>
> 255 heads, 63 sectors/track, 17769 cylinders
>
> Units = cylinders of 16065 * 512 = 8225280 bytes
>
> Device Boot       Start          End       Blocks    Id   System
>
> /dev/sda1    *            1           13       104391    83   Linux
>
> /dev/sda2               14         5112     40957717+   83   Linux
>
> /dev/sda3             5113         5243      1052257+   82   Linux swap /
>
> Solaris
>
> /dev/sda4             5244        17769    100615095     5   Extended
>
> /dev/sda5             5244        17769    100615063+   83   Linux
>
> Disk /dev/sdb: 291.3 GB, 291331192320 bytes
>
> 255 heads, 63 sectors/track, 17769 cylinders
>
> Units = cylinders of 16065 * 512 = 8225280 bytes
>
> Disk /dev/sdb1: 291.3 GB, 291331192320 bytes

4.创建新硬盘分区

fdisk可以用m命令来看fdisk命令的内部命令；

> a：命令指定启动分区；
>
> d：命令删除一个存在的分区；
>
> l：命令显示分区ID号的列表；
>
> m：查看fdisk命令帮助；
>
> n：命令创建一个新分区；
>
> p：命令显示分区列表；
>
> t：命令修改分区的类型ID号；
>
> w：命令是将对分区表的修改存盘让它发生作用。

#fdisk /dev/sdb

> Command (m for help):n
>
> Command action
>
> e    extended    //输入e为创建扩展分区
>
> p    primary partition (1-4)
>
> p
>
> Partion number(1-4)：1
>
> Command (m for help): w

输入n回车，再输入p回车，再输出1回车，一路回车，最后输入w回车保存。


查看一下：


> fdisk -l

可以看到/dev/sdb1分区


5.格式化分区：


> mkfs.ext3 /dev/sdb1

6.创建/data1目录：


> mkdir /data1

7.挂载分区：


> mount /dev/sdb1 /data1

8.配置开机自动挂载


因为mount挂载在重启服务器后会失效，所以需要将分区信息写到/etc/fstab文件中让它永久挂载：


> vi /etc/fstab

加入：


> LABEL=/data1             /data1                   ext3     defaults         1 2
>
>
> 查看cat /etc/fstab
>
>
> LABEL=/                  /                        ext3     defaults         1 1
>
>
> LABEL=/data              /data                    ext3     defaults         1 2
>
>
> LABEL=/data1             /data1                   ext3     defaults         1 2
>
>
> LABEL=/boot              /boot                    ext3     defaults         1 2
>
>
> tmpfs                    /dev/shm                 tmpfs    defaults         0 0
>
>
> devpts                   /dev/pts                 devpts   gid=5,mode=620   0 0
>
>
> sysfs                    /sys                     sysfs    defaults         0 0
>
>
> proc                     /proc                    proc     defaults         0 0
>
>
> LABEL=SWAP-hda3          swap                     swap     defaults         0 0

9.重启系统